wamr init: ok
wasm3 init: ok
wasmedge init: ok
zwasm init: ok
wasmz init: ok
tinywasm init: ok
pac probe: supported=1 code1=0x672606e600000000 code2=0x672606e600000000 code3=0x1681510f00000000 | nonzero=1 deterministic=1 input_dep=1 low_zero=1
WORKLOADS filter: (any); RUNTIMES filter: wamr
[[ WAMR ] fib(30)] result=832040  iter=3  load=2.057ms  min=65.687 median=65.749 p99=66.439 ms  cpu(u/s)=190.16/5.45 ms  rss=86800KB  faults=1  e_share=0.998  ipc=3.30  insns=1551623499  cycles=469890873
Charts: Custom UnitPoint values are not supported in AxisValueLabel's anchor property. Please use leading, topLeading, center, etc.
[[ WAMR ] fib_tail(100000) [return_call]] result=873876091  iter=453  load=1.824ms  min=0.416 median=0.431 p99=0.855 ms  cpu(u/s)=240.55/12.47 ms  rss=91392KB  faults=447  e_share=0.809  ipc=2.17  insns=1469898684  cycles=678869461
[[ WAMR ] factorial(20)] result=-2102132736  iter=16384  load=1.353ms  min=0.000 median=0.000 p99=0.000 ms  cpu(u/s)=9.61/0.81 ms  rss=91584KB  faults=24  e_share=0.541  ipc=2.22  insns=71778351  cycles=32389609
[[ WAMR ] sieve(10000)] result=1229  iter=717  load=1.943ms  min=0.278 median=0.282 p99=0.701 ms  cpu(u/s)=218.38/6.11 ms  rss=92176KB  faults=166  e_share=0.928  ipc=3.34  insns=1862349666  cycles=557468599
[[ WAMR ] crc32(64KB)] result=-1910355869  iter=96  load=1.560ms  min=2.059 median=2.113 p99=11.953 ms  cpu(u/s)=212.38/4.50 ms  rss=92656KB  faults=138  e_share=0.941  ipc=2.67  insns=1424389701  cycles=533683414
[[ WAMR ] matmul simd128 (64×64 f32)] result=48907  iter=133  load=1.597ms  min=1.400 median=1.427 p99=2.890 ms  cpu(u/s)=198.70/4.64 ms  rss=93152KB  faults=103  e_share=0.944  ipc=3.76  insns=1881235536  cycles=499666941
[[ WAMR ] matmul relaxed-simd FMA] result=48907  iter=188  load=1.490ms  min=1.049 median=1.064 p99=1.373 ms  cpu(u/s)=210.36/3.90 ms  rss=93456KB  faults=51  e_share=0.950  ipc=3.78  insns=1980970835  cycles=524484602
[[ WAMR ] convolution 256×256] result=8190685  iter=55  load=1.608ms  min=2.201 median=2.254 p99=5.226 ms  cpu(u/s)=125.64/2.92 ms  rss=93520KB  faults=0  e_share=0.977  ipc=3.32  insns=1037861949  cycles=313034614
[[ WAMR ] bulk_memory (memory.copy/fill)] result=8698902  iter=33  load=1.353ms  min=5.572 median=5.832 p99=9.187 ms  cpu(u/s)=192.02/3.33 ms  rss=93872KB  faults=12  e_share=0.968  ipc=2.76  insns=1325055115  cycles=480140850
[[ WAMR ] call_indirect (200K dispatches)] result=-9175573  iter=18  load=3.066ms  min=10.140 median=10.538 p99=17.057 ms  cpu(u/s)=190.97/2.40 ms  rss=93872KB  faults=0  e_share=0.965  ipc=2.65  insns=1264533628  cycles=477026235
[[ WAMR ] factorial(20) [scalar build]] result=-2102132736  iter=16384  load=1.713ms  min=0.000 median=0.000 p99=0.000 ms  cpu(u/s)=11.88/0.38 ms  rss=93904KB  faults=10  e_share=0.422  ipc=3.48  insns=142748595  cycles=40976556
[[ WAMR ] sieve(10000) [scalar build]] result=1229  iter=637  load=1.042ms  min=0.292 median=0.300 p99=0.489 ms  cpu(u/s)=200.29/3.03 ms  rss=94016KB  faults=6  e_share=0.959  ipc=2.67  insns=1340570075  cycles=502554453
[[ WAMR ] crc32(64KB) [scalar build]] result=-1910355869  iter=92  load=2.567ms  min=2.081 median=2.118 p99=3.012 ms  cpu(u/s)=209.83/2.24 ms  rss=94064KB  faults=1  e_share=0.948  ipc=2.74  insns=1422854352  cycles=519127138
[[ WAMR ] convolution 256×256 [scalar build]] result=8190685  iter=29  load=1.507ms  min=6.446 median=6.685 p99=7.364 ms  cpu(u/s)=191.08/1.29 ms  rss=94160KB  faults=0  e_share=0.959  ipc=2.30  insns=1132357499  cycles=491366825
[[ WAMR ] bulk_memory (memory.copy/fill) [scalar build]] result=8698902  iter=33  load=1.524ms  min=5.920 median=6.058 p99=7.583 ms  cpu(u/s)=204.81/2.48 ms  rss=94464KB  faults=0  e_share=0.961  ipc=2.70  insns=1381317881  cycles=512525917
[[ WAMR ] xmrsplayer (1024-frame buffer)] result=458972751  iter=29  load=4.896ms  min=6.536 median=6.675 p99=7.140 ms  cpu(u/s)=209.32/3.36 ms  rss=109984KB  faults=0  e_share=0.917  ipc=3.17  insns=1712952460  cycles=540346196
[[ WAMR ] vtable_mono (200K)] result=-318559695  iter=12  load=1.454ms  min=15.335 median=15.643 p99=15.953 ms  cpu(u/s)=192.31/2.39 ms  rss=109984KB  faults=0  e_share=0.953  ipc=3.37  insns=1629453016  cycles=483729938
[[ WAMR ] vtable_bi (200K)] result=-208336512  iter=10  load=1.373ms  min=17.965 median=18.583 p99=19.041 ms  cpu(u/s)=189.46/2.39 ms  rss=109984KB  faults=0  e_share=0.948  ipc=3.22  insns=1536973505  cycles=477851519
[[ WAMR ] vtable_poly4 (200K)] result=-126115384  iter=9  load=1.388ms  min=19.660 median=19.973 p99=20.745 ms  cpu(u/s)=187.13/2.35 ms  rss=109984KB  faults=0  e_share=0.948  ipc=3.04  insns=1433703139  cycles=472053010
[[ WAMR ] vtable_poly6 (200K)] result=579248763  iter=9  load=1.078ms  min=21.375 median=21.549 p99=21.649 ms  cpu(u/s)=213.88/2.11 ms  rss=109984KB  faults=0  e_share=0.900  ipc=3.03  insns=1682007223  cycles=554598469
[[ WAMR ] graphql-validation (AS)] result=5  iter=60  load=2.789ms  min=3.274 median=3.352 p99=7.874 ms  cpu(u/s)=223.51/2.69 ms  rss=109984KB  faults=4  e_share=0.896  ipc=2.89  insns=1679517294  cycles=580552529
[[ WAMR ] tail-call FSM (65536 return_call)] result=-1841735369  iter=51  load=1.493ms  min=3.834 median=3.885 p99=4.083 ms  cpu(u/s)=208.76/1.94 ms  rss=109984KB  faults=0  e_share=0.945  ipc=3.91  insns=2061812582  cycles=527105875
[[ WAMR ] EH parser, exnref (4096 stmts, 25% throw)] ERROR: wasm_runtime_load failed: WASM module load failed: unsupported opcode 1f
[[ WAMR ] call_ref dispatch (200K, typed table)] ERROR: wasm_runtime_load failed: WASM module load failed: incompatible import type
[[ WAMR ] call_ref twin: call_indirect (200K)] result=-750120562  iter=19  load=0.033ms  min=10.258 median=10.402 p99=12.232 ms  cpu(u/s)=206.54/2.19 ms  rss=109984KB  faults=0  e_share=0.943  ipc=2.74  insns=1427303595  cycles=521675492
[[ WAMR ] relaxed-SIMD int8 dot (64×64×256)] result=-551922832  iter=158  load=1.389ms  min=1.194 median=1.213 p99=1.847 ms  cpu(u/s)=219.56/0.00 ms  rss=109984KB  faults=6  e_share=0.849  ipc=3.36  insns=2015540306  cycles=600284245
[[ WAMR ] relaxed-SIMD FMA Horner (16K pts)] result=-1435646925  iter=964  load=1.130ms  min=0.206 median=0.208 p99=0.286 ms  cpu(u/s)=225.96/0.00 ms  rss=109984KB  faults=2  e_share=0.863  ipc=3.70  insns=2274565330  cycles=614868304
[[ WAMR ] multi-memory transform (3 memories)] ERROR: wasm_runtime_load failed: WASM module load failed: multiple memories
[[ WAMR ] multi-memory twin: one memory] result=902712413  iter=95  load=1.148ms  min=2.048 median=2.073 p99=2.470 ms  cpu(u/s)=233.33/2.33 ms  rss=109984KB  faults=44  e_share=0.853  ipc=3.25  insns=2006933543  cycles=616884287
[[ WAMR ] extended-const instantiate (2560 globals)] result=-1152068691  iter=693  load=3.070ms  min=0.274 median=0.282 p99=0.382 ms  cpu(u/s)=226.89/8.29 ms  rss=109984KB  faults=724  e_share=0.855  ipc=3.35  insns=2083371805  cycles=621243889
[[ WAMR ] extended-const twin: MVP consts] result=-1152068691  iter=3889  load=1.289ms  min=0.050 median=0.052 p99=0.080 ms  cpu(u/s)=227.87/27.93 ms  rss=109984KB  faults=3896  e_share=0.846  ipc=3.43  insns=2331687785  cycles=679018228
No comparable workloads yet (need at least one workload completed on ≥2 runtimes).
BENCH_DONE
Launched application with com.rebeckerspecialties.wasmbench bundle identifier.
Waiting for the application to terminate...
App terminated due to signal 15.
