wamr init: ok
wasm3 init: ok
wasmedge init: ok
zwasm init: ok
wasmz init: ok
tinywasm init: ok
pac probe: supported=1 code1=0x6277c5dd00000000 code2=0x6277c5dd00000000 code3=0x2a0b255d00000000 | nonzero=1 deterministic=1 input_dep=1 low_zero=1
WORKLOADS filter: (any); RUNTIMES filter: wamr
[[ WAMR ] fib(30)] result=832040  iter=8  load=0.640ms  min=21.517 median=23.082 p99=26.198 ms  cpu(u/s)=214.62/8.85 ms  rss=87120KB  faults=220  e_share=0.115  ipc=5.31  insns=4371043256  cycles=822407447
Charts: Custom UnitPoint values are not supported in AxisValueLabel's anchor property. Please use leading, topLeading, center, etc.
[[ WAMR ] fib_tail(100000) [return_call]] result=873876091  iter=453  load=0.614ms  min=0.154 median=0.188 p99=0.338 ms  cpu(u/s)=114.66/6.71 ms  rss=91104KB  faults=343  e_share=0.122  ipc=2.78  insns=1268004824  cycles=456307690
[[ WAMR ] factorial(20)] result=-2102132736  iter=16384  load=0.506ms  min=0.000 median=0.000 p99=0.000 ms  cpu(u/s)=5.27/0.44 ms  rss=91232KB  faults=11  e_share=0.332  ipc=2.86  insns=55633251  cycles=19444232
[[ WAMR ] sieve(10000)] result=1229  iter=1112  load=0.808ms  min=0.088 median=0.160 p99=0.257 ms  cpu(u/s)=202.99/7.35 ms  rss=92432KB  faults=216  e_share=0.106  ipc=3.71  insns=2897952688  cycles=780280095
[[ WAMR ] crc32(64KB)] result=-1910355869  iter=252  load=0.578ms  min=0.690 median=0.806 p99=0.927 ms  cpu(u/s)=225.66/5.63 ms  rss=93056KB  faults=157  e_share=0.054  ipc=4.21  insns=3581983776  cycles=851364699
[[ WAMR ] matmul simd128 (64×64 f32)] result=48907  iter=406  load=0.633ms  min=0.493 median=0.544 p99=0.586 ms  cpu(u/s)=233.22/5.27 ms  rss=93840KB  faults=200  e_share=0.009  ipc=6.84  insns=5500632865  cycles=804713331
[[ WAMR ] matmul relaxed-simd FMA] result=48907  iter=523  load=0.759ms  min=0.379 median=0.425 p99=0.445 ms  cpu(u/s)=233.74/4.66 ms  rss=94352KB  faults=175  e_share=0.007  ipc=6.60  insns=5335235557  cycles=807927087
[[ WAMR ] convolution 256×256] result=8190685  iter=226  load=0.763ms  min=0.813 median=0.886 p99=0.942 ms  cpu(u/s)=210.34/2.94 ms  rss=94624KB  faults=55  e_share=0.005  ipc=5.64  insns=4240482912  cycles=751348449
[[ WAMR ] bulk_memory (memory.copy/fill)] result=8698902  iter=143  load=0.979ms  min=1.566 median=1.668 p99=1.773 ms  cpu(u/s)=253.85/2.69 ms  rss=94912KB  faults=24  e_share=0.002  ipc=6.34  insns=5535673665  cycles=873219000
[[ WAMR ] call_indirect (200K dispatches)] result=-9175573  iter=38  load=0.524ms  min=5.024 median=5.177 p99=5.223 ms  cpu(u/s)=205.81/2.05 ms  rss=94912KB  faults=2  e_share=0.002  ipc=3.40  insns=2591324283  cycles=763258867
[[ WAMR ] factorial(20) [scalar build]] result=-2102132736  iter=16384  load=0.855ms  min=0.000 median=0.000 p99=0.000 ms  cpu(u/s)=4.64/0.13 ms  rss=94928KB  faults=8  e_share=0.021  ipc=4.19  insns=71889617  cycles=17174598
[[ WAMR ] sieve(10000) [scalar build]] result=1229  iter=1849  load=0.547ms  min=0.089 median=0.100 p99=0.204 ms  cpu(u/s)=233.07/2.44 ms  rss=95024KB  faults=8  e_share=0.002  ipc=4.38  insns=3765619073  cycles=859720870
[[ WAMR ] crc32(64KB) [scalar build]] result=-1910355869  iter=210  load=0.631ms  min=0.777 median=0.873 p99=0.955 ms  cpu(u/s)=193.21/2.14 ms  rss=95120KB  faults=5  e_share=0.002  ipc=4.10  insns=2943521723  cycles=717380365
[[ WAMR ] convolution 256×256 [scalar build]] result=8190685  iter=111  load=0.859ms  min=1.843 median=1.955 p99=2.116 ms  cpu(u/s)=233.63/2.24 ms  rss=95200KB  faults=1  e_share=0.004  ipc=4.89  insns=4102248663  cycles=838735708
[[ WAMR ] bulk_memory (memory.copy/fill) [scalar build]] result=8698902  iter=126  load=1.020ms  min=1.615 median=1.755 p99=1.890 ms  cpu(u/s)=236.01/0.35 ms  rss=95632KB  faults=28  e_share=0.000  ipc=6.12  insns=5095282500  cycles=832726103
[[ WAMR ] xmrsplayer (1024-frame buffer)] result=1821690159  iter=80  load=2.643ms  min=2.472 median=2.548 p99=2.730 ms  cpu(u/s)=221.92/1.99 ms  rss=111024KB  faults=0  e_share=0.001  ipc=5.20  insns=4163628904  cycles=801309301
[[ WAMR ] vtable_mono (200K)] result=-318559695  iter=30  load=0.544ms  min=5.114 median=5.717 p99=6.608 ms  cpu(u/s)=183.66/1.45 ms  rss=111024KB  faults=0  e_share=0.000  ipc=5.72  insns=3833668925  cycles=670478170
[[ WAMR ] vtable_bi (200K)] result=-208336512  iter=29  load=0.659ms  min=6.645 median=6.738 p99=7.010 ms  cpu(u/s)=206.19/1.48 ms  rss=111024KB  faults=0  e_share=0.000  ipc=5.49  insns=4118896025  cycles=750679954
[[ WAMR ] vtable_poly4 (200K)] result=-126115384  iter=25  load=0.620ms  min=7.580 median=7.819 p99=8.147 ms  cpu(u/s)=207.43/1.33 ms  rss=111024KB  faults=0  e_share=0.001  ipc=4.85  insns=3717631663  cycles=767131482
[[ WAMR ] vtable_poly6 (200K)] result=579248763  iter=22  load=0.566ms  min=8.583 median=8.752 p99=9.168 ms  cpu(u/s)=205.67/2.13 ms  rss=111024KB  faults=0  e_share=0.001  ipc=4.42  insns=3404308359  cycles=770974699
[[ WAMR ] graphql-validation (AS)] result=5  iter=160  load=1.501ms  min=1.241 median=1.655 p99=2.039 ms  cpu(u/s)=293.80/0.00 ms  rss=111024KB  faults=1  e_share=0.000  ipc=4.49  insns=4889245853  cycles=1088360503
[[ WAMR ] tail-call FSM (65536 return_call)] result=-1841735369  iter=148  load=0.501ms  min=1.352 median=1.549 p99=1.630 ms  cpu(u/s)=254.85/0.00 ms  rss=111024KB  faults=0  e_share=0.000  ipc=6.58  insns=5892615160  cycles=895085982
[[ WAMR ] EH parser, exnref (4096 stmts, 25% throw)] ERROR: wasm_runtime_load failed: WASM module load failed: unsupported opcode 1f
[[ WAMR ] call_ref dispatch (200K, typed table)] ERROR: wasm_runtime_load failed: WASM module load failed: incompatible import type
[[ WAMR ] call_ref twin: call_indirect (200K)] result=-750120562  iter=40  load=0.011ms  min=4.769 median=4.958 p99=5.003 ms  cpu(u/s)=226.44/1.32 ms  rss=111024KB  faults=10  e_share=0.002  ipc=3.63  insns=3023106394  cycles=833597502
[[ WAMR ] relaxed-SIMD int8 dot (64×64×256)] result=-551922832  iter=491  load=0.487ms  min=0.401 median=0.440 p99=0.476 ms  cpu(u/s)=236.56/0.46 ms  rss=111024KB  faults=6  e_share=0.000  ipc=5.95  insns=4773482878  cycles=802322988
[[ WAMR ] relaxed-SIMD FMA Horner (16K pts)] result=-1435646925  iter=3208  load=0.560ms  min=0.053 median=0.069 p99=0.105 ms  cpu(u/s)=250.86/0.00 ms  rss=111024KB  faults=4  e_share=0.000  ipc=7.44  insns=6391666525  cycles=858764794
[[ WAMR ] multi-memory transform (3 memories)] ERROR: wasm_runtime_load failed: WASM module load failed: multiple memories
[[ WAMR ] multi-memory twin: one memory] result=902712413  iter=261  load=0.623ms  min=0.639 median=0.780 p99=0.829 ms  cpu(u/s)=246.99/0.00 ms  rss=111024KB  faults=112  e_share=0.000  ipc=5.23  insns=4560486259  cycles=872782635
[[ WAMR ] extended-const instantiate (2560 globals)] result=-1152068691  iter=1385  load=1.263ms  min=0.111 median=0.117 p99=0.130 ms  cpu(u/s)=203.87/5.17 ms  rss=111024KB  faults=1390  e_share=0.004  ipc=4.93  insns=3612367436  cycles=733428978
[[ WAMR ] extended-const twin: MVP consts] result=-1152068691  iter=9599  load=0.575ms  min=0.019 median=0.021 p99=0.029 ms  cpu(u/s)=218.43/23.53 ms  rss=111024KB  faults=9603  e_share=0.001  ipc=5.44  insns=4470235105  cycles=821830994
No comparable workloads yet (need at least one workload completed on ≥2 runtimes).
BENCH_DONE
Launched application with com.rebeckerspecialties.wasmbench bundle identifier.
Waiting for the application to terminate...
App terminated due to signal 15.
